// Jest Snapshot v1, https://goo.gl/fbAQLP

exports[`<PasswordLength /> should match snapshot 1`] = `
<div
  class="password-generator__settings__length"
>
  <label
    for="passwordLengthNumber"
  >
    Length: 
  </label>
  <input
    id="passwordLength"
    max="16"
    min="8"
    type="range"
    value="12"
  />
  <input
    id="passwordLengthNumber"
    max="16"
    min="8"
    type="number"
    value="12"
  />
</div>
`;
